// Jest Snapshot v1, https://goo.gl/fbAQLP

exports[`renders correctly 1`] = `
<div
  className="MuiPaper-root makeStyles-root-1 MuiPaper-outlined MuiPaper-rounded"
>
  <ul
    className="MuiList-root makeStyles-menuList-2 MuiList-padding"
    onKeyDown={[Function]}
    role="menu"
    tabIndex={-1}
  >
    <a
      className="makeStyles-link-4"
      href="/dashboard"
      onClick={[Function]}
      tabIndex={0}
    >
      <li
        aria-disabled={false}
        className="MuiButtonBase-root MuiListItem-root MuiMenuItem-root makeStyles-menuItem-3 MuiMenuItem-gutters MuiListItem-gutters MuiListItem-button"
        onBlur={[Function]}
        onDragLeave={[Function]}
        onFocus={[Function]}
        onKeyDown={[Function]}
        onKeyUp={[Function]}
        onMouseDown={[Function]}
        onMouseLeave={[Function]}
        onMouseUp={[Function]}
        onTouchEnd={[Function]}
        onTouchMove={[Function]}
        onTouchStart={[Function]}
        role="menuitem"
        tabIndex={-1}
      >
        <div
          className="MuiListItemIcon-root"
        >
          <svg
            aria-hidden={true}
            className="MuiSvgIcon-root makeStyles-icon-6"
            focusable="false"
            viewBox="0 0 24 24"
          >
            <path
              d="M19 3H5c-1.1 0-2 .9-2 2v14c0 1.1.9 2 2 2h14c1.1 0 2-.9 2-2V5c0-1.1-.9-2-2-2zM9 17H7v-7h2v7zm4 0h-2V7h2v10zm4 0h-2v-4h2v4z"
            />
          </svg>
        </div>
        <span
          className="MuiTypography-root makeStyles-linkLabel-5"
        >
          Dashboard
        </span>
      </li>
    </a>
    <hr
      className="MuiDivider-root"
    />
    <a
      className="makeStyles-link-4"
      href="/reports"
      onClick={[Function]}
    >
      <li
        aria-disabled={false}
        className="MuiButtonBase-root MuiListItem-root MuiMenuItem-root makeStyles-menuItem-3 MuiMenuItem-gutters MuiListItem-gutters MuiListItem-button"
        onBlur={[Function]}
        onDragLeave={[Function]}
        onFocus={[Function]}
        onKeyDown={[Function]}
        onKeyUp={[Function]}
        onMouseDown={[Function]}
        onMouseLeave={[Function]}
        onMouseUp={[Function]}
        onTouchEnd={[Function]}
        onTouchMove={[Function]}
        onTouchStart={[Function]}
        role="menuitem"
        tabIndex={-1}
      >
        <div
          className="MuiListItemIcon-root"
        >
          <svg
            aria-hidden={true}
            className="MuiSvgIcon-root makeStyles-icon-6"
            focusable="false"
            viewBox="0 0 24 24"
          >
            <path
              d="M17 10H7v2h10v-2zm2-7h-1V1h-2v2H8V1H6v2H5c-1.11 0-1.99.9-1.99 2L3 19c0 1.1.89 2 2 2h14c1.1 0 2-.9 2-2V5c0-1.1-.9-2-2-2zm0 16H5V8h14v11zm-5-5H7v2h7v-2z"
            />
          </svg>
        </div>
        <span
          className="MuiTypography-root makeStyles-linkLabel-5"
        >
          Relatórios
        </span>
      </li>
    </a>
    <hr
      className="MuiDivider-root"
    />
    <a
      className="makeStyles-link-4"
      href="/auditing"
      onClick={[Function]}
    >
      <li
        aria-disabled={false}
        className="MuiButtonBase-root MuiListItem-root MuiMenuItem-root makeStyles-menuItem-3 MuiMenuItem-gutters MuiListItem-gutters MuiListItem-button"
        onBlur={[Function]}
        onDragLeave={[Function]}
        onFocus={[Function]}
        onKeyDown={[Function]}
        onKeyUp={[Function]}
        onMouseDown={[Function]}
        onMouseLeave={[Function]}
        onMouseUp={[Function]}
        onTouchEnd={[Function]}
        onTouchMove={[Function]}
        onTouchStart={[Function]}
        role="menuitem"
        tabIndex={-1}
      >
        <div
          className="MuiListItemIcon-root"
        >
          <svg
            aria-hidden={true}
            className="MuiSvgIcon-root makeStyles-icon-6"
            focusable="false"
            viewBox="0 0 24 24"
          >
            <path
              d="M14 10H2v2h12v-2zm0-4H2v2h12V6zM2 16h8v-2H2v2zm19.5-4.5L23 13l-6.99 7-4.51-4.5L13 14l3.01 3 5.49-5.5z"
            />
          </svg>
        </div>
        <span
          className="MuiTypography-root makeStyles-linkLabel-5"
        >
          Auditoria
        </span>
      </li>
    </a>
    <hr
      className="MuiDivider-root"
    />
    <a
      className="makeStyles-link-4"
      href="/users"
      onClick={[Function]}
    >
      <li
        aria-disabled={false}
        className="MuiButtonBase-root MuiListItem-root MuiMenuItem-root makeStyles-menuItem-3 MuiMenuItem-gutters MuiListItem-gutters MuiListItem-button"
        onBlur={[Function]}
        onDragLeave={[Function]}
        onFocus={[Function]}
        onKeyDown={[Function]}
        onKeyUp={[Function]}
        onMouseDown={[Function]}
        onMouseLeave={[Function]}
        onMouseUp={[Function]}
        onTouchEnd={[Function]}
        onTouchMove={[Function]}
        onTouchStart={[Function]}
        role="menuitem"
        tabIndex={-1}
      >
        <div
          className="MuiListItemIcon-root"
        >
          <svg
            aria-hidden={true}
            className="MuiSvgIcon-root makeStyles-icon-6"
            focusable="false"
            viewBox="0 0 24 24"
          >
            <path
              d="M12 2C6.48 2 2 6.48 2 12s4.48 10 10 10 10-4.48 10-10S17.52 2 12 2zm0 3c1.66 0 3 1.34 3 3s-1.34 3-3 3-3-1.34-3-3 1.34-3 3-3zm0 14.2c-2.5 0-4.71-1.28-6-3.22.03-1.99 4-3.08 6-3.08 1.99 0 5.97 1.09 6 3.08-1.29 1.94-3.5 3.22-6 3.22z"
            />
          </svg>
        </div>
        <span
          className="MuiTypography-root makeStyles-linkLabel-5"
        >
          Usuários
        </span>
      </li>
    </a>
    <hr
      className="MuiDivider-root"
    />
    <a
      className="makeStyles-link-4"
      href="/groups"
      onClick={[Function]}
    >
      <li
        aria-disabled={false}
        className="MuiButtonBase-root MuiListItem-root MuiMenuItem-root makeStyles-menuItem-3 MuiMenuItem-gutters MuiListItem-gutters MuiListItem-button"
        onBlur={[Function]}
        onDragLeave={[Function]}
        onFocus={[Function]}
        onKeyDown={[Function]}
        onKeyUp={[Function]}
        onMouseDown={[Function]}
        onMouseLeave={[Function]}
        onMouseUp={[Function]}
        onTouchEnd={[Function]}
        onTouchMove={[Function]}
        onTouchStart={[Function]}
        role="menuitem"
        tabIndex={-1}
      >
        <div
          className="MuiListItemIcon-root"
        >
          <svg
            aria-hidden={true}
            className="MuiSvgIcon-root makeStyles-icon-6"
            focusable="false"
            viewBox="0 0 24 24"
          >
            <path
              d="M16 11c1.66 0 2.99-1.34 2.99-3S17.66 5 16 5c-1.66 0-3 1.34-3 3s1.34 3 3 3zm-8 0c1.66 0 2.99-1.34 2.99-3S9.66 5 8 5C6.34 5 5 6.34 5 8s1.34 3 3 3zm0 2c-2.33 0-7 1.17-7 3.5V19h14v-2.5c0-2.33-4.67-3.5-7-3.5zm8 0c-.29 0-.62.02-.97.05 1.16.84 1.97 1.97 1.97 3.45V19h6v-2.5c0-2.33-4.67-3.5-7-3.5z"
            />
          </svg>
        </div>
        <span
          className="MuiTypography-root makeStyles-linkLabel-5"
        >
          Grupos
        </span>
      </li>
    </a>
    <hr
      className="MuiDivider-root"
    />
    <a
      className="makeStyles-link-4"
      href="/status"
      onClick={[Function]}
    >
      <li
        aria-disabled={false}
        className="MuiButtonBase-root MuiListItem-root MuiMenuItem-root makeStyles-menuItem-3 MuiMenuItem-gutters MuiListItem-gutters MuiListItem-button"
        onBlur={[Function]}
        onDragLeave={[Function]}
        onFocus={[Function]}
        onKeyDown={[Function]}
        onKeyUp={[Function]}
        onMouseDown={[Function]}
        onMouseLeave={[Function]}
        onMouseUp={[Function]}
        onTouchEnd={[Function]}
        onTouchMove={[Function]}
        onTouchStart={[Function]}
        role="menuitem"
        tabIndex={-1}
      >
        <div
          className="MuiListItemIcon-root"
        >
          <svg
            aria-hidden={true}
            className="MuiSvgIcon-root makeStyles-icon-6"
            focusable="false"
            viewBox="0 0 24 24"
          >
            <path
              d="M19 3h-4.18C14.4 1.84 13.3 1 12 1c-1.3 0-2.4.84-2.82 2H5c-1.1 0-2 .9-2 2v14c0 1.1.9 2 2 2h14c1.1 0 2-.9 2-2V5c0-1.1-.9-2-2-2zm-7 0c.55 0 1 .45 1 1s-.45 1-1 1-1-.45-1-1 .45-1 1-1zm-2 14l-4-4 1.41-1.41L10 14.17l6.59-6.59L18 9l-8 8z"
            />
          </svg>
        </div>
        <span
          className="MuiTypography-root makeStyles-linkLabel-5"
        >
          Status
        </span>
      </li>
    </a>
    <hr
      className="MuiDivider-root"
    />
  </ul>
</div>
`;
